HI-TECH Software 8051-C Compiler V9.60

Linker command line:

--edf=C:\PROGRA~2\HI-TEC~1\HC51\9.60\dat\en_msgs.txt \
  -h+E:\свеаю\гелжнб\5опюйр~1\5опюйр~1\kv\опнейр1\_uc6043f0440043e0435043a04421.sym \
  -z -Q8051AH -ol.obj \
  -ME:\свеаю\гелжнб\5опюйр~1\5опюйр~1\kv\опнейр1\_uc6043f0440043e0435043a04421.map \
  -E1 -ver=8051-C#V9.60 -ACODE=00h-0FFFh -pvectors=00h \
  -prbit=0/20h,rbss,rdata/CODE,irdata/CODE,idata/rbss -pbss=XDATA/idata \
  -pdata=CODE+100h -pconst=CODE+100h -pstrings=CODE+100h -pnvram=bss,heap \
  C:\Users\densa\AppData\Local\Temp\se48.obj \
  E:\свеаю\гелжнб\5опюйр~1\5опюйр~1\kv\опнейр1\main_0.obj \
  C:\PROGRA~2\HI-TEC~1\HC51\9.60\lib\51--nsc.lib 

Object code version is 3.8

Machine type is 8051AH

Call graph:

*start1 size 0,0 offset 0
*    _main size 0,20 offset 0

		Name          Link     Load   Length Selector Space Scale
C:\Users\densa\AppData\Local\Temp\se48.obj
		vectors          0        0        3       0     0
		text            44       44       14       0     0
E:\свеаю\гелжнб\5опюйр~1\5опюйр~1\kv\опнейр1\main_0.obj
		data           100      100       10     100     0
		text           110      110      154     100     0

C:\PROGRA~2\HI-TEC~1\HC51\9.60\lib\51--nsc.lib
powerup.obj     text            58       58        3       0     0
str_cops.obj    text             3        3       41       0     0

COMMON          rbss            20       20       14      20     1

TOTAL		Name          Link     Load   Length
	CLASS	CODE     
		vectors          0        0        3
		data           100      100       10
		text            44       44       14
		text           110      110      154
		text            58       58        3
		text             3        3       41

	CLASS	DATA     
		rbss            20       20       14

	CLASS	XDATA    

	CLASS	BITSEG   



SEGMENTS	Name		Load	Length	 Top	Selector    Space Class

		vectors         000000	00005B	00005B	       0       0  CODE    
		rbit            000020	000014	000034	      20       1  BITSEG  
		data            000100	000164	000264	     100       0  CODE    


UNUSED ADDRESS RANGES

	CODE             05B-0FF
	                 264-FFF

                                  Symbol Table

?a_main        rbss    020  __Bbss         bss     034
__Bidata       idata   034  __Birdata      irdata  003
__Brbit        rbit    020  __Brdata       rdata   003
__Hbss         bss     034  __Hcode        code    034
__Hconst       const   100  __Hdata        data    110
__Hheap        heap    034  __Hidata       idata   034
__Hirdata      irdata  034  __Hnvram       nvram   034
__Hrbit        rbit    000  __Hrbss        rbss    034
__Hrdata       rdata   034  __Hstrings     strings 100
__Htext        text    034  __Hvectors     vectors 003
__Lbss         bss     034  __Lcode        code    034
__Lconst       const   100  __Ldata        data    100
__Lheap        heap    034  __Lidata       idata   034
__Lirdata      irdata  034  __Lnvram       nvram   034
__Lrbit        rbit    000  __Lrbss        rbss    020
__Lrdata       rdata   034  __Lstrings     strings 100
__Ltext        text    034  __Lvectors     vectors 000
__S0           (abs)   264  _exit          text    055
_main          text    110  intlevel0      (abs)   000
intlevel1      (abs)   000  powerup        text    058
small_model    (abs)   001  stack_internal (abs)   001
start          vectors 000  start1         text    044
str_copy       text    019  str_load       text    019
str_xcopy      text    003  strx_copy      text    019
strx_load      text    019  strx_xcopy     text    003
